Args in experiment:
Namespace(activation='gelu', batch_size=32, c_out=2, checkpoints='./checkpoints/', d_ff=2048, d_layers=1, d_model=512, data='ETTm1', data_path='ETTh1.csv', dec_in=2, des='Exp', devices='0,1,2,3', distil=True, do_predict=False, dropout=0.05, e_layers=2, embed='timeF', embed_type=3, enc_in=2, factor=3, features='M', folder_path='./data2/door_water/', freq='h', gpu=0, individual=False, is_training=1, itr=1, label_len=25, learning_rate=0.0001, loss='mse', lradj='type1', model='Linear', model_id='exchange_96_', moving_avg=25, n_heads=8, num_workers=10, output_attention=False, patience=5, pred_len=30, root_path='./data/ETT/', seq_len=100, target='OT', task_name='long_term_forecast', test_flop=False, train_epochs=20, train_only=False, use_amp=False, use_gpu=True, use_multi_gpu=False)
Use GPU: cuda:0
train len >>>>>>>>  18
test len >>>>>>>>  9
>>>>>>>start training : exchange_96__Linear_ETTm1_ftM_sl100_ll25_pl30_dm512_nh8_el2_dl1_df2048_fc3_ebtimeF_dtTrue_Exp_0>>>>>>>>>>>>>>>>>>>>>>>>>>
	iters: 100, epoch: 1 | loss: 0.1982906
	speed: 0.0113s/iter; left time: 271.8181s
	iters: 200, epoch: 1 | loss: 0.0393626
	speed: 0.0032s/iter; left time: 77.0393s
	iters: 300, epoch: 1 | loss: 0.0154303
	speed: 0.0033s/iter; left time: 79.9500s
	iters: 400, epoch: 1 | loss: 0.0163762
	speed: 0.0033s/iter; left time: 78.2290s
	iters: 500, epoch: 1 | loss: 0.0156290
	speed: 0.0034s/iter; left time: 81.2670s
	iters: 600, epoch: 1 | loss: 0.0150539
	speed: 0.0035s/iter; left time: 81.8224s
	iters: 700, epoch: 1 | loss: 0.0160681
	speed: 0.0035s/iter; left time: 82.9635s
	iters: 800, epoch: 1 | loss: 0.0158711
	speed: 0.0037s/iter; left time: 86.2978s
	iters: 900, epoch: 1 | loss: 0.0135183
	speed: 0.0037s/iter; left time: 86.7931s
	iters: 1000, epoch: 1 | loss: 0.0123444
	speed: 0.0038s/iter; left time: 88.1760s
	iters: 1100, epoch: 1 | loss: 0.0122383
	speed: 0.0041s/iter; left time: 95.3416s
	iters: 1200, epoch: 1 | loss: 0.0136399
	speed: 0.0045s/iter; left time: 103.4778s
Epoch: 1 cost time: 5.535836696624756
vali>>>>>>>>>>>>>>>>>>>>>>>>>>>>>>>>>>>>>>>>>>>>>>>>>>>>>>>>>>>>>>>>>>
Epoch: 1, Steps: 1212 | Train Loss: 0.0543433 Test Loss: 0.3179458
Validation loss decreased (inf --> 0.317946).  Saving model ...
Updating learning rate to 0.0001
	iters: 100, epoch: 2 | loss: 0.0115609
	speed: 0.0295s/iter; left time: 677.0587s
	iters: 200, epoch: 2 | loss: 0.0094053
	speed: 0.0031s/iter; left time: 71.4247s
	iters: 300, epoch: 2 | loss: 0.0085654
	speed: 0.0031s/iter; left time: 70.7470s
	iters: 400, epoch: 2 | loss: 0.0095226
	speed: 0.0031s/iter; left time: 70.9830s
	iters: 500, epoch: 2 | loss: 0.0082527
	speed: 0.0031s/iter; left time: 70.8863s
	iters: 600, epoch: 2 | loss: 0.0076716
	speed: 0.0030s/iter; left time: 67.8232s
	iters: 700, epoch: 2 | loss: 0.0086147
	speed: 0.0028s/iter; left time: 63.5028s
	iters: 800, epoch: 2 | loss: 0.0071914
	speed: 0.0029s/iter; left time: 64.0053s
	iters: 900, epoch: 2 | loss: 0.0076574
	speed: 0.0027s/iter; left time: 60.0201s
	iters: 1000, epoch: 2 | loss: 0.0068125
	speed: 0.0028s/iter; left time: 61.5820s
	iters: 1100, epoch: 2 | loss: 0.0065526
	speed: 0.0028s/iter; left time: 60.7619s
	iters: 1200, epoch: 2 | loss: 0.0062497
	speed: 0.0031s/iter; left time: 67.8349s
Epoch: 2 cost time: 4.341673851013184
vali>>>>>>>>>>>>>>>>>>>>>>>>>>>>>>>>>>>>>>>>>>>>>>>>>>>>>>>>>>>>>>>>>>
Epoch: 2, Steps: 1212 | Train Loss: 0.0081983 Test Loss: 0.3177608
Validation loss decreased (0.317946 --> 0.317761).  Saving model ...
Updating learning rate to 5e-05
	iters: 100, epoch: 3 | loss: 0.0057630
	speed: 0.0297s/iter; left time: 646.0084s
	iters: 200, epoch: 3 | loss: 0.0052312
	speed: 0.0035s/iter; left time: 75.4927s
	iters: 300, epoch: 3 | loss: 0.0058537
	speed: 0.0040s/iter; left time: 85.8611s
	iters: 400, epoch: 3 | loss: 0.0050991
	speed: 0.0041s/iter; left time: 88.6054s
	iters: 500, epoch: 3 | loss: 0.0048870
	speed: 0.0044s/iter; left time: 92.8652s
	iters: 600, epoch: 3 | loss: 0.0047407
	speed: 0.0045s/iter; left time: 95.9530s
	iters: 700, epoch: 3 | loss: 0.0052545
	speed: 0.0045s/iter; left time: 94.9700s
	iters: 800, epoch: 3 | loss: 0.0042439
	speed: 0.0044s/iter; left time: 92.8663s
	iters: 900, epoch: 3 | loss: 0.0045677
	speed: 0.0044s/iter; left time: 92.4927s
	iters: 1000, epoch: 3 | loss: 0.0039410
	speed: 0.0047s/iter; left time: 98.3726s
	iters: 1100, epoch: 3 | loss: 0.0037019
	speed: 0.0043s/iter; left time: 89.5530s
	iters: 1200, epoch: 3 | loss: 0.0040689
	speed: 0.0044s/iter; left time: 91.0683s
Epoch: 3 cost time: 5.878598928451538
vali>>>>>>>>>>>>>>>>>>>>>>>>>>>>>>>>>>>>>>>>>>>>>>>>>>>>>>>>>>>>>>>>>>
Epoch: 3, Steps: 1212 | Train Loss: 0.0047531 Test Loss: 0.3176803
Validation loss decreased (0.317761 --> 0.317680).  Saving model ...
Updating learning rate to 2.5e-05
	iters: 100, epoch: 4 | loss: 0.0038318
	speed: 0.0321s/iter; left time: 657.4103s
	iters: 200, epoch: 4 | loss: 0.0039731
	speed: 0.0033s/iter; left time: 67.1028s
	iters: 300, epoch: 4 | loss: 0.0039373
	speed: 0.0031s/iter; left time: 62.1246s
	iters: 400, epoch: 4 | loss: 0.0037090
	speed: 0.0031s/iter; left time: 63.2716s
	iters: 500, epoch: 4 | loss: 0.0034308
	speed: 0.0031s/iter; left time: 62.0955s
	iters: 600, epoch: 4 | loss: 0.0038247
	speed: 0.0036s/iter; left time: 71.4967s
	iters: 700, epoch: 4 | loss: 0.0034028
	speed: 0.0041s/iter; left time: 81.0038s
	iters: 800, epoch: 4 | loss: 0.0035849
	speed: 0.0037s/iter; left time: 74.0543s
	iters: 900, epoch: 4 | loss: 0.0040800
	speed: 0.0040s/iter; left time: 79.4419s
	iters: 1000, epoch: 4 | loss: 0.0035004
	speed: 0.0036s/iter; left time: 71.1953s
	iters: 1100, epoch: 4 | loss: 0.0030011
	speed: 0.0031s/iter; left time: 59.5922s
	iters: 1200, epoch: 4 | loss: 0.0035854
	speed: 0.0030s/iter; left time: 58.6090s
Epoch: 4 cost time: 4.829519510269165
vali>>>>>>>>>>>>>>>>>>>>>>>>>>>>>>>>>>>>>>>>>>>>>>>>>>>>>>>>>>>>>>>>>>
Epoch: 4, Steps: 1212 | Train Loss: 0.0036422 Test Loss: 0.3176665
Validation loss decreased (0.317680 --> 0.317666).  Saving model ...
Updating learning rate to 1.25e-05
	iters: 100, epoch: 5 | loss: 0.0031558
	speed: 0.0290s/iter; left time: 558.6530s
	iters: 200, epoch: 5 | loss: 0.0039103
	speed: 0.0035s/iter; left time: 68.0477s
	iters: 300, epoch: 5 | loss: 0.0033561
	speed: 0.0035s/iter; left time: 66.6241s
	iters: 400, epoch: 5 | loss: 0.0032206
	speed: 0.0036s/iter; left time: 68.7008s
	iters: 500, epoch: 5 | loss: 0.0034244
	speed: 0.0037s/iter; left time: 70.1529s
	iters: 600, epoch: 5 | loss: 0.0030162
	speed: 0.0037s/iter; left time: 69.6287s
	iters: 700, epoch: 5 | loss: 0.0034915
	speed: 0.0038s/iter; left time: 71.2710s
	iters: 800, epoch: 5 | loss: 0.0033349
	speed: 0.0038s/iter; left time: 71.3235s
	iters: 900, epoch: 5 | loss: 0.0031037
	speed: 0.0034s/iter; left time: 62.5767s
	iters: 1000, epoch: 5 | loss: 0.0032339
	speed: 0.0030s/iter; left time: 54.5089s
	iters: 1100, epoch: 5 | loss: 0.0030833
	speed: 0.0035s/iter; left time: 64.1036s
	iters: 1200, epoch: 5 | loss: 0.0032433
	speed: 0.0037s/iter; left time: 67.3060s
Epoch: 5 cost time: 5.061763763427734
vali>>>>>>>>>>>>>>>>>>>>>>>>>>>>>>>>>>>>>>>>>>>>>>>>>>>>>>>>>>>>>>>>>>
Epoch: 5, Steps: 1212 | Train Loss: 0.0031985 Test Loss: 0.3176718
EarlyStopping counter: 1 out of 5
Updating learning rate to 6.25e-06
	iters: 100, epoch: 6 | loss: 0.0029489
	speed: 0.0292s/iter; left time: 527.2330s
	iters: 200, epoch: 6 | loss: 0.0027351
	speed: 0.0027s/iter; left time: 47.8139s
	iters: 300, epoch: 6 | loss: 0.0033894
	speed: 0.0027s/iter; left time: 48.9145s
	iters: 400, epoch: 6 | loss: 0.0032362
	speed: 0.0027s/iter; left time: 48.6153s
	iters: 500, epoch: 6 | loss: 0.0028075
	speed: 0.0033s/iter; left time: 58.3152s
	iters: 600, epoch: 6 | loss: 0.0026951
	speed: 0.0034s/iter; left time: 59.2725s
	iters: 700, epoch: 6 | loss: 0.0030877
	speed: 0.0035s/iter; left time: 60.6055s
	iters: 800, epoch: 6 | loss: 0.0025238
	speed: 0.0035s/iter; left time: 60.6553s
	iters: 900, epoch: 6 | loss: 0.0027830
	speed: 0.0034s/iter; left time: 58.1142s
	iters: 1000, epoch: 6 | loss: 0.0031153
	speed: 0.0038s/iter; left time: 66.0803s
	iters: 1100, epoch: 6 | loss: 0.0026659
	speed: 0.0040s/iter; left time: 68.3733s
	iters: 1200, epoch: 6 | loss: 0.0034009
	speed: 0.0041s/iter; left time: 69.3516s
Epoch: 6 cost time: 4.906182765960693
vali>>>>>>>>>>>>>>>>>>>>>>>>>>>>>>>>>>>>>>>>>>>>>>>>>>>>>>>>>>>>>>>>>>
Epoch: 6, Steps: 1212 | Train Loss: 0.0029749 Test Loss: 0.3176576
Validation loss decreased (0.317666 --> 0.317658).  Saving model ...
Updating learning rate to 3.125e-06
	iters: 100, epoch: 7 | loss: 0.0025975
	speed: 0.0318s/iter; left time: 537.0083s
	iters: 200, epoch: 7 | loss: 0.0028596
	speed: 0.0032s/iter; left time: 52.8751s
	iters: 300, epoch: 7 | loss: 0.0029997
	speed: 0.0031s/iter; left time: 51.7636s
	iters: 400, epoch: 7 | loss: 0.0027441
	speed: 0.0031s/iter; left time: 52.0516s
	iters: 500, epoch: 7 | loss: 0.0027775
	speed: 0.0034s/iter; left time: 56.2705s
	iters: 600, epoch: 7 | loss: 0.0026855
	speed: 0.0038s/iter; left time: 62.7234s
	iters: 700, epoch: 7 | loss: 0.0028664
	speed: 0.0042s/iter; left time: 68.2033s
	iters: 800, epoch: 7 | loss: 0.0025824
	speed: 0.0045s/iter; left time: 72.2889s
	iters: 900, epoch: 7 | loss: 0.0031442
	speed: 0.0045s/iter; left time: 71.7808s
	iters: 1000, epoch: 7 | loss: 0.0029346
	speed: 0.0045s/iter; left time: 72.4182s
	iters: 1100, epoch: 7 | loss: 0.0025948
	speed: 0.0050s/iter; left time: 79.3004s
	iters: 1200, epoch: 7 | loss: 0.0029357
	speed: 0.0049s/iter; left time: 76.7228s
Epoch: 7 cost time: 5.559921503067017
vali>>>>>>>>>>>>>>>>>>>>>>>>>>>>>>>>>>>>>>>>>>>>>>>>>>>>>>>>>>>>>>>>>>
Epoch: 7, Steps: 1212 | Train Loss: 0.0028442 Test Loss: 0.3176562
Validation loss decreased (0.317658 --> 0.317656).  Saving model ...
Updating learning rate to 1.5625e-06
	iters: 100, epoch: 8 | loss: 0.0029606
	speed: 0.0298s/iter; left time: 465.9621s
	iters: 200, epoch: 8 | loss: 0.0030885
	speed: 0.0030s/iter; left time: 46.8578s
	iters: 300, epoch: 8 | loss: 0.0025196
	speed: 0.0035s/iter; left time: 54.6471s
	iters: 400, epoch: 8 | loss: 0.0029365
	speed: 0.0038s/iter; left time: 58.8176s
	iters: 500, epoch: 8 | loss: 0.0030804
	speed: 0.0039s/iter; left time: 59.5339s
	iters: 600, epoch: 8 | loss: 0.0033842
	speed: 0.0043s/iter; left time: 65.1406s
	iters: 700, epoch: 8 | loss: 0.0028289
	speed: 0.0039s/iter; left time: 59.1306s
	iters: 800, epoch: 8 | loss: 0.0026063
	speed: 0.0039s/iter; left time: 58.2690s
	iters: 900, epoch: 8 | loss: 0.0023434
	speed: 0.0039s/iter; left time: 57.9845s
	iters: 1000, epoch: 8 | loss: 0.0029509
	speed: 0.0041s/iter; left time: 60.0751s
	iters: 1100, epoch: 8 | loss: 0.0028520
	speed: 0.0041s/iter; left time: 59.9791s
	iters: 1200, epoch: 8 | loss: 0.0028746
	speed: 0.0043s/iter; left time: 62.0149s
Epoch: 8 cost time: 5.389080762863159
vali>>>>>>>>>>>>>>>>>>>>>>>>>>>>>>>>>>>>>>>>>>>>>>>>>>>>>>>>>>>>>>>>>>
Epoch: 8, Steps: 1212 | Train Loss: 0.0027652 Test Loss: 0.3176751
EarlyStopping counter: 1 out of 5
Updating learning rate to 7.8125e-07
	iters: 100, epoch: 9 | loss: 0.0025055
	speed: 0.0315s/iter; left time: 454.6221s
	iters: 200, epoch: 9 | loss: 0.0029495
	speed: 0.0025s/iter; left time: 35.9035s
	iters: 300, epoch: 9 | loss: 0.0029266
	speed: 0.0025s/iter; left time: 35.0772s
	iters: 400, epoch: 9 | loss: 0.0026631
	speed: 0.0025s/iter; left time: 35.5054s
	iters: 500, epoch: 9 | loss: 0.0029208
	speed: 0.0025s/iter; left time: 35.1998s
	iters: 600, epoch: 9 | loss: 0.0027452
	speed: 0.0025s/iter; left time: 34.9784s
	iters: 700, epoch: 9 | loss: 0.0026514
	speed: 0.0029s/iter; left time: 40.3154s
	iters: 800, epoch: 9 | loss: 0.0028488
	speed: 0.0033s/iter; left time: 44.7483s
	iters: 900, epoch: 9 | loss: 0.0029409
	speed: 0.0038s/iter; left time: 51.4575s
	iters: 1000, epoch: 9 | loss: 0.0028159
	speed: 0.0038s/iter; left time: 52.0335s
	iters: 1100, epoch: 9 | loss: 0.0023878
	speed: 0.0041s/iter; left time: 54.8816s
	iters: 1200, epoch: 9 | loss: 0.0031342
	speed: 0.0043s/iter; left time: 56.9600s
Epoch: 9 cost time: 4.648736476898193
vali>>>>>>>>>>>>>>>>>>>>>>>>>>>>>>>>>>>>>>>>>>>>>>>>>>>>>>>>>>>>>>>>>>
Epoch: 9, Steps: 1212 | Train Loss: 0.0027195 Test Loss: 0.3176589
EarlyStopping counter: 2 out of 5
Updating learning rate to 3.90625e-07
	iters: 100, epoch: 10 | loss: 0.0027216
	speed: 0.0319s/iter; left time: 421.8554s
	iters: 200, epoch: 10 | loss: 0.0022144
	speed: 0.0031s/iter; left time: 40.3024s
	iters: 300, epoch: 10 | loss: 0.0026120
	speed: 0.0027s/iter; left time: 34.7910s
	iters: 400, epoch: 10 | loss: 0.0030570
	speed: 0.0027s/iter; left time: 34.4583s
	iters: 500, epoch: 10 | loss: 0.0026253
	speed: 0.0029s/iter; left time: 36.8494s
	iters: 600, epoch: 10 | loss: 0.0025312
	speed: 0.0031s/iter; left time: 40.0999s
	iters: 700, epoch: 10 | loss: 0.0027707
	speed: 0.0032s/iter; left time: 39.8874s
	iters: 800, epoch: 10 | loss: 0.0025577
	speed: 0.0032s/iter; left time: 39.6903s
	iters: 900, epoch: 10 | loss: 0.0024526
	speed: 0.0025s/iter; left time: 31.5554s
	iters: 1000, epoch: 10 | loss: 0.0025399
	speed: 0.0026s/iter; left time: 32.1464s
	iters: 1100, epoch: 10 | loss: 0.0023056
	speed: 0.0031s/iter; left time: 37.6230s
	iters: 1200, epoch: 10 | loss: 0.0024227
	speed: 0.0027s/iter; left time: 32.1548s
Epoch: 10 cost time: 4.301712512969971
vali>>>>>>>>>>>>>>>>>>>>>>>>>>>>>>>>>>>>>>>>>>>>>>>>>>>>>>>>>>>>>>>>>>
Epoch: 10, Steps: 1212 | Train Loss: 0.0026946 Test Loss: 0.3176603
EarlyStopping counter: 3 out of 5
Updating learning rate to 1.953125e-07
	iters: 100, epoch: 11 | loss: 0.0027156
	speed: 0.0289s/iter; left time: 347.9848s
	iters: 200, epoch: 11 | loss: 0.0029421
	speed: 0.0030s/iter; left time: 35.7015s
	iters: 300, epoch: 11 | loss: 0.0027049
	speed: 0.0030s/iter; left time: 35.3647s
	iters: 400, epoch: 11 | loss: 0.0025377
	speed: 0.0029s/iter; left time: 34.4934s
	iters: 500, epoch: 11 | loss: 0.0025828
	speed: 0.0034s/iter; left time: 39.3245s
	iters: 600, epoch: 11 | loss: 0.0030078
	speed: 0.0036s/iter; left time: 40.9274s
	iters: 700, epoch: 11 | loss: 0.0030081
	speed: 0.0036s/iter; left time: 41.6804s
	iters: 800, epoch: 11 | loss: 0.0027740
	speed: 0.0037s/iter; left time: 42.2590s
	iters: 900, epoch: 11 | loss: 0.0026263
	speed: 0.0039s/iter; left time: 43.5459s
	iters: 1000, epoch: 11 | loss: 0.0027877
	speed: 0.0039s/iter; left time: 43.1112s
	iters: 1100, epoch: 11 | loss: 0.0029294
	speed: 0.0040s/iter; left time: 43.7584s
	iters: 1200, epoch: 11 | loss: 0.0026594
	speed: 0.0040s/iter; left time: 44.1995s
Epoch: 11 cost time: 4.985713243484497
vali>>>>>>>>>>>>>>>>>>>>>>>>>>>>>>>>>>>>>>>>>>>>>>>>>>>>>>>>>>>>>>>>>>
Epoch: 11, Steps: 1212 | Train Loss: 0.0026819 Test Loss: 0.3176510
Validation loss decreased (0.317656 --> 0.317651).  Saving model ...
Updating learning rate to 9.765625e-08
	iters: 100, epoch: 12 | loss: 0.0028813
	speed: 0.0299s/iter; left time: 322.8892s
	iters: 200, epoch: 12 | loss: 0.0023179
	speed: 0.0031s/iter; left time: 32.6994s
	iters: 300, epoch: 12 | loss: 0.0026682
	speed: 0.0034s/iter; left time: 36.1414s
	iters: 400, epoch: 12 | loss: 0.0027340
	speed: 0.0036s/iter; left time: 38.2505s
	iters: 500, epoch: 12 | loss: 0.0026283
	speed: 0.0039s/iter; left time: 41.0271s
	iters: 600, epoch: 12 | loss: 0.0027865
	speed: 0.0045s/iter; left time: 46.6034s
	iters: 700, epoch: 12 | loss: 0.0023318
	speed: 0.0048s/iter; left time: 49.3945s
	iters: 800, epoch: 12 | loss: 0.0025622
	speed: 0.0046s/iter; left time: 46.7374s
	iters: 900, epoch: 12 | loss: 0.0026578
	speed: 0.0045s/iter; left time: 45.2065s
	iters: 1000, epoch: 12 | loss: 0.0024230
	speed: 0.0046s/iter; left time: 45.0991s
	iters: 1100, epoch: 12 | loss: 0.0027289
	speed: 0.0036s/iter; left time: 35.5713s
	iters: 1200, epoch: 12 | loss: 0.0022587
	speed: 0.0037s/iter; left time: 35.9196s
Epoch: 12 cost time: 5.596081733703613
vali>>>>>>>>>>>>>>>>>>>>>>>>>>>>>>>>>>>>>>>>>>>>>>>>>>>>>>>>>>>>>>>>>>
Epoch: 12, Steps: 1212 | Train Loss: 0.0026754 Test Loss: 0.3176732
EarlyStopping counter: 1 out of 5
Updating learning rate to 4.8828125e-08
	iters: 100, epoch: 13 | loss: 0.0029408
	speed: 0.0309s/iter; left time: 296.1309s
	iters: 200, epoch: 13 | loss: 0.0027229
	speed: 0.0026s/iter; left time: 24.5576s
	iters: 300, epoch: 13 | loss: 0.0023691
	speed: 0.0026s/iter; left time: 24.5375s
	iters: 400, epoch: 13 | loss: 0.0027375
	speed: 0.0027s/iter; left time: 24.8450s
	iters: 500, epoch: 13 | loss: 0.0025074
	speed: 0.0027s/iter; left time: 24.4119s
	iters: 600, epoch: 13 | loss: 0.0027480
	speed: 0.0026s/iter; left time: 23.6288s
	iters: 700, epoch: 13 | loss: 0.0026487
	speed: 0.0027s/iter; left time: 24.1685s
	iters: 800, epoch: 13 | loss: 0.0028568
	speed: 0.0028s/iter; left time: 24.6797s
	iters: 900, epoch: 13 | loss: 0.0027861
	speed: 0.0029s/iter; left time: 25.5148s
	iters: 1000, epoch: 13 | loss: 0.0025398
	speed: 0.0028s/iter; left time: 24.6158s
	iters: 1100, epoch: 13 | loss: 0.0026394
	speed: 0.0028s/iter; left time: 24.0428s
	iters: 1200, epoch: 13 | loss: 0.0026313
	speed: 0.0028s/iter; left time: 24.0649s
Epoch: 13 cost time: 4.076907157897949
vali>>>>>>>>>>>>>>>>>>>>>>>>>>>>>>>>>>>>>>>>>>>>>>>>>>>>>>>>>>>>>>>>>>
Epoch: 13, Steps: 1212 | Train Loss: 0.0026722 Test Loss: 0.3176549
EarlyStopping counter: 2 out of 5
Updating learning rate to 2.44140625e-08
	iters: 100, epoch: 14 | loss: 0.0027703
	speed: 0.0304s/iter; left time: 254.8808s
	iters: 200, epoch: 14 | loss: 0.0034089
	speed: 0.0029s/iter; left time: 23.8976s
	iters: 300, epoch: 14 | loss: 0.0028558
	speed: 0.0030s/iter; left time: 24.3461s
	iters: 400, epoch: 14 | loss: 0.0027079
	speed: 0.0030s/iter; left time: 24.2298s
	iters: 500, epoch: 14 | loss: 0.0025254
	speed: 0.0030s/iter; left time: 24.1661s
	iters: 600, epoch: 14 | loss: 0.0028991
	speed: 0.0027s/iter; left time: 21.4466s
	iters: 700, epoch: 14 | loss: 0.0029403
	speed: 0.0031s/iter; left time: 23.7823s
	iters: 800, epoch: 14 | loss: 0.0024156
	speed: 0.0033s/iter; left time: 25.5520s
	iters: 900, epoch: 14 | loss: 0.0027494
	speed: 0.0034s/iter; left time: 25.9418s
	iters: 1000, epoch: 14 | loss: 0.0030246
	speed: 0.0034s/iter; left time: 25.2371s
	iters: 1100, epoch: 14 | loss: 0.0024134
	speed: 0.0033s/iter; left time: 24.0945s
	iters: 1200, epoch: 14 | loss: 0.0029088
	speed: 0.0034s/iter; left time: 24.4780s
Epoch: 14 cost time: 4.55262017250061
vali>>>>>>>>>>>>>>>>>>>>>>>>>>>>>>>>>>>>>>>>>>>>>>>>>>>>>>>>>>>>>>>>>>
Epoch: 14, Steps: 1212 | Train Loss: 0.0026704 Test Loss: 0.3176553
EarlyStopping counter: 3 out of 5
Updating learning rate to 1.220703125e-08
	iters: 100, epoch: 15 | loss: 0.0028183
	speed: 0.0299s/iter; left time: 214.4420s
	iters: 200, epoch: 15 | loss: 0.0028208
	speed: 0.0029s/iter; left time: 20.4216s
	iters: 300, epoch: 15 | loss: 0.0028315
	speed: 0.0028s/iter; left time: 19.3658s
	iters: 400, epoch: 15 | loss: 0.0027567
	speed: 0.0028s/iter; left time: 18.9547s
	iters: 500, epoch: 15 | loss: 0.0027330
	speed: 0.0028s/iter; left time: 19.1261s
	iters: 600, epoch: 15 | loss: 0.0025385
	speed: 0.0028s/iter; left time: 18.4180s
	iters: 700, epoch: 15 | loss: 0.0025088
	speed: 0.0029s/iter; left time: 18.7884s
	iters: 800, epoch: 15 | loss: 0.0030003
	speed: 0.0028s/iter; left time: 18.2993s
	iters: 900, epoch: 15 | loss: 0.0026551
	speed: 0.0027s/iter; left time: 17.0344s
	iters: 1000, epoch: 15 | loss: 0.0031426
	speed: 0.0027s/iter; left time: 16.8560s
	iters: 1100, epoch: 15 | loss: 0.0027788
	speed: 0.0026s/iter; left time: 16.2734s
	iters: 1200, epoch: 15 | loss: 0.0027562
	speed: 0.0029s/iter; left time: 17.4521s
Epoch: 15 cost time: 4.098178148269653
vali>>>>>>>>>>>>>>>>>>>>>>>>>>>>>>>>>>>>>>>>>>>>>>>>>>>>>>>>>>>>>>>>>>
Epoch: 15, Steps: 1212 | Train Loss: 0.0026698 Test Loss: 0.3176589
EarlyStopping counter: 4 out of 5
Updating learning rate to 6.103515625e-09
	iters: 100, epoch: 16 | loss: 0.0024490
	speed: 0.0290s/iter; left time: 173.0328s
	iters: 200, epoch: 16 | loss: 0.0025361
	speed: 0.0034s/iter; left time: 20.0942s
	iters: 300, epoch: 16 | loss: 0.0025027
	speed: 0.0038s/iter; left time: 21.9841s
	iters: 400, epoch: 16 | loss: 0.0026660
	speed: 0.0037s/iter; left time: 21.1099s
	iters: 500, epoch: 16 | loss: 0.0026685
	speed: 0.0038s/iter; left time: 21.3330s
	iters: 600, epoch: 16 | loss: 0.0028010
	speed: 0.0038s/iter; left time: 20.5515s
	iters: 700, epoch: 16 | loss: 0.0024247
	speed: 0.0034s/iter; left time: 18.3060s
	iters: 800, epoch: 16 | loss: 0.0021859
	speed: 0.0036s/iter; left time: 18.8031s
	iters: 900, epoch: 16 | loss: 0.0023141
	speed: 0.0035s/iter; left time: 18.0336s
	iters: 1000, epoch: 16 | loss: 0.0027259
	speed: 0.0035s/iter; left time: 17.9414s
	iters: 1100, epoch: 16 | loss: 0.0023163
	speed: 0.0035s/iter; left time: 17.3459s
	iters: 1200, epoch: 16 | loss: 0.0028614
	speed: 0.0034s/iter; left time: 16.5949s
Epoch: 16 cost time: 5.106043338775635
vali>>>>>>>>>>>>>>>>>>>>>>>>>>>>>>>>>>>>>>>>>>>>>>>>>>>>>>>>>>>>>>>>>>
Epoch: 16, Steps: 1212 | Train Loss: 0.0026692 Test Loss: 0.3176572
EarlyStopping counter: 5 out of 5
Early stopping
16
[0.054343323990173956, 0.008198279941995497, 0.004753117687214879, 0.003642225485885202, 0.0031984631139662105, 0.0029748981085101836, 0.0028442251822594616, 0.0027651565434509526, 0.0027194628447813687, 0.0026946193436790788, 0.0026819248594998355, 0.0026754183053475477, 0.0026721793352534056, 0.002670449996021309, 0.002669750520131142, 0.0026692082823435515]
>>>>>>>testing : exchange_96__Linear_ETTm1_ftM_sl100_ll25_pl30_dm512_nh8_el2_dl1_df2048_fc3_ebtimeF_dtTrue_Exp_0<<<<<<<<<<<<<<<<<<<<<<<<<<<<<<<<<
==========  mse:2361.267359338793, mae:30.756642832601532
==========  mse:5991.77110865201, mae:51.84133078555593
==========  mse:6709.070772504115, mae:51.55030207358762
==========  mse:861.3342101835805, mae:27.825933309875914
==========  mse:3652.9026499771476, mae:32.72786471307875
==========  mse:5419.686363203802, mae:46.92433673943577
==========  mse:910.7868546151414, mae:28.410177601046442
==========  mse:3167.919281846644, mae:35.62581312540744
==========  mse:5902.5669237817765, mae:50.800328001187175
