Args in experiment:
Namespace(activation='gelu', batch_size=32, c_out=2, checkpoints='./checkpoints/', d_ff=2048, d_layers=1, d_model=512, data='ETTm1', data_path='ETTh1.csv', dec_in=2, des='Exp', devices='0,1,2,3', distil=True, do_predict=False, dropout=0.05, e_layers=2, embed='timeF', embed_type=3, enc_in=2, factor=1, features='M', folder_path='./data2/door_water/', freq='h', gpu=0, individual=False, is_training=1, itr=1, label_len=25, learning_rate=0.0001, loss='mse', lradj='type1', model='My_Attention', model_id='exchange_96_', moving_avg=25, n_heads=8, num_workers=10, output_attention=False, patience=5, pred_len=30, root_path='./data/ETT/', seq_len=100, target='OT', task_name='long_term_forecast', test_flop=False, train_epochs=25, train_only=False, use_amp=False, use_gpu=True, use_multi_gpu=False)
Use GPU: cuda:0
train len >>>>>>>>  18
test len >>>>>>>>  9
>>>>>>>start training : exchange_96__My_Attention_ETTm1_ftM_sl100_ll25_pl30_dm512_nh8_el2_dl1_df2048_fc1_ebtimeF_dtTrue_Exp_0>>>>>>>>>>>>>>>>>>>>>>>>>>
	iters: 100, epoch: 1 | loss: 0.0017331
	speed: 0.0554s/iter; left time: 1674.0793s
	iters: 200, epoch: 1 | loss: 0.0013510
	speed: 0.0421s/iter; left time: 1266.8366s
	iters: 300, epoch: 1 | loss: 0.0009261
	speed: 0.0419s/iter; left time: 1256.7728s
	iters: 400, epoch: 1 | loss: 0.0014418
	speed: 0.0419s/iter; left time: 1253.2091s
	iters: 500, epoch: 1 | loss: 0.0013477
	speed: 0.0422s/iter; left time: 1257.3159s
	iters: 600, epoch: 1 | loss: 0.0012668
	speed: 0.0424s/iter; left time: 1259.2150s
	iters: 700, epoch: 1 | loss: 0.0010125
	speed: 0.0422s/iter; left time: 1249.8334s
	iters: 800, epoch: 1 | loss: 0.0013256
	speed: 0.0424s/iter; left time: 1250.4752s
	iters: 900, epoch: 1 | loss: 0.0010881
	speed: 0.0424s/iter; left time: 1247.4174s
	iters: 1000, epoch: 1 | loss: 0.0015831
	speed: 0.0426s/iter; left time: 1246.8790s
	iters: 1100, epoch: 1 | loss: 0.0011133
	speed: 0.0427s/iter; left time: 1247.0520s
	iters: 1200, epoch: 1 | loss: 0.0008746
	speed: 0.0428s/iter; left time: 1245.2208s
Epoch: 1 cost time: 52.96269750595093
vali>>>>>>>>>>>>>>>>>>>>>>>>>>>>>>>>>>>>>>>>>>>>>>>>>>>>>>>>>>>>>>>>>>
Epoch: 1, Steps: 1212 | Train Loss: 0.0013490 Test Loss: 0.0135353
Validation loss decreased (inf --> 0.013535).  Saving model ...
Updating learning rate to 0.0001
	iters: 100, epoch: 2 | loss: 0.0012991
	speed: 0.1369s/iter; left time: 3967.7114s
	iters: 200, epoch: 2 | loss: 0.0015202
	speed: 0.0432s/iter; left time: 1248.8498s
	iters: 300, epoch: 2 | loss: 0.0011175
	speed: 0.0429s/iter; left time: 1235.6190s
	iters: 400, epoch: 2 | loss: 0.0010074
	speed: 0.0428s/iter; left time: 1228.4762s
	iters: 500, epoch: 2 | loss: 0.0009300
	speed: 0.0429s/iter; left time: 1225.8238s
	iters: 600, epoch: 2 | loss: 0.0009060
	speed: 0.0431s/iter; left time: 1229.0133s
	iters: 700, epoch: 2 | loss: 0.0010069
	speed: 0.0432s/iter; left time: 1227.7951s
	iters: 800, epoch: 2 | loss: 0.0009303
	speed: 0.0433s/iter; left time: 1224.1652s
	iters: 900, epoch: 2 | loss: 0.0010666
	speed: 0.0430s/iter; left time: 1211.8471s
	iters: 1000, epoch: 2 | loss: 0.0009282
	speed: 0.0433s/iter; left time: 1216.4703s
	iters: 1100, epoch: 2 | loss: 0.0007608
	speed: 0.0433s/iter; left time: 1212.5028s
	iters: 1200, epoch: 2 | loss: 0.0006712
	speed: 0.0433s/iter; left time: 1208.1909s
Epoch: 2 cost time: 53.01456332206726
vali>>>>>>>>>>>>>>>>>>>>>>>>>>>>>>>>>>>>>>>>>>>>>>>>>>>>>>>>>>>>>>>>>>
Epoch: 2, Steps: 1212 | Train Loss: 0.0009964 Test Loss: 0.0136432
EarlyStopping counter: 1 out of 5
Updating learning rate to 5e-05
	iters: 100, epoch: 3 | loss: 0.0007466
	speed: 0.1371s/iter; left time: 3808.9396s
	iters: 200, epoch: 3 | loss: 0.0009608
	speed: 0.0433s/iter; left time: 1198.9296s
	iters: 300, epoch: 3 | loss: 0.0007266
	speed: 0.0430s/iter; left time: 1186.1462s
	iters: 400, epoch: 3 | loss: 0.0006613
	speed: 0.0429s/iter; left time: 1180.1004s
	iters: 500, epoch: 3 | loss: 0.0007513
	speed: 0.0432s/iter; left time: 1181.4051s
	iters: 600, epoch: 3 | loss: 0.0004842
	speed: 0.0432s/iter; left time: 1178.1782s
	iters: 700, epoch: 3 | loss: 0.0007305
	speed: 0.0433s/iter; left time: 1176.5657s
	iters: 800, epoch: 3 | loss: 0.0006406
	speed: 0.0432s/iter; left time: 1169.8838s
	iters: 900, epoch: 3 | loss: 0.0011098
	speed: 0.0433s/iter; left time: 1168.0472s
	iters: 1000, epoch: 3 | loss: 0.0007145
	speed: 0.0433s/iter; left time: 1163.6511s
	iters: 1100, epoch: 3 | loss: 0.0006699
	speed: 0.0433s/iter; left time: 1158.5929s
	iters: 1200, epoch: 3 | loss: 0.0004019
	speed: 0.0433s/iter; left time: 1154.3003s
Epoch: 3 cost time: 53.110588788986206
vali>>>>>>>>>>>>>>>>>>>>>>>>>>>>>>>>>>>>>>>>>>>>>>>>>>>>>>>>>>>>>>>>>>
Epoch: 3, Steps: 1212 | Train Loss: 0.0007286 Test Loss: 0.0137107
EarlyStopping counter: 2 out of 5
Updating learning rate to 2.5e-05
	iters: 100, epoch: 4 | loss: 0.0005874
	speed: 0.1374s/iter; left time: 3650.3798s
	iters: 200, epoch: 4 | loss: 0.0007474
	speed: 0.0437s/iter; left time: 1157.4895s
	iters: 300, epoch: 4 | loss: 0.0005526
	speed: 0.0434s/iter; left time: 1144.0107s
	iters: 400, epoch: 4 | loss: 0.0005754
	speed: 0.0436s/iter; left time: 1145.2612s
	iters: 500, epoch: 4 | loss: 0.0006273
	speed: 0.0436s/iter; left time: 1141.3826s
	iters: 600, epoch: 4 | loss: 0.0005901
	speed: 0.0430s/iter; left time: 1121.6572s
	iters: 700, epoch: 4 | loss: 0.0005132
	speed: 0.0430s/iter; left time: 1115.4994s
	iters: 800, epoch: 4 | loss: 0.0008968
	speed: 0.0429s/iter; left time: 1110.8384s
	iters: 900, epoch: 4 | loss: 0.0005553
	speed: 0.0429s/iter; left time: 1106.5437s
	iters: 1000, epoch: 4 | loss: 0.0009063
	speed: 0.0429s/iter; left time: 1102.2307s
	iters: 1100, epoch: 4 | loss: 0.0004150
	speed: 0.0429s/iter; left time: 1097.8220s
	iters: 1200, epoch: 4 | loss: 0.0005275
	speed: 0.0430s/iter; left time: 1094.1260s
Epoch: 4 cost time: 53.15845537185669
vali>>>>>>>>>>>>>>>>>>>>>>>>>>>>>>>>>>>>>>>>>>>>>>>>>>>>>>>>>>>>>>>>>>
Epoch: 4, Steps: 1212 | Train Loss: 0.0006533 Test Loss: 0.0137214
EarlyStopping counter: 3 out of 5
Updating learning rate to 1.25e-05
	iters: 100, epoch: 5 | loss: 0.0005805
	speed: 0.1378s/iter; left time: 3493.4943s
	iters: 200, epoch: 5 | loss: 0.0003020
	speed: 0.0434s/iter; left time: 1095.6885s
	iters: 300, epoch: 5 | loss: 0.0004407
	speed: 0.0431s/iter; left time: 1083.3546s
	iters: 400, epoch: 5 | loss: 0.0005579
	speed: 0.0429s/iter; left time: 1074.7751s
	iters: 500, epoch: 5 | loss: 0.0008831
	speed: 0.0429s/iter; left time: 1070.3601s
	iters: 600, epoch: 5 | loss: 0.0005692
	speed: 0.0429s/iter; left time: 1065.5171s
	iters: 700, epoch: 5 | loss: 0.0004519
	speed: 0.0429s/iter; left time: 1060.8648s
	iters: 800, epoch: 5 | loss: 0.0004263
	speed: 0.0429s/iter; left time: 1057.9043s
	iters: 900, epoch: 5 | loss: 0.0006552
	speed: 0.0429s/iter; left time: 1053.7988s
	iters: 1000, epoch: 5 | loss: 0.0006189
	speed: 0.0429s/iter; left time: 1049.9569s
	iters: 1100, epoch: 5 | loss: 0.0005056
	speed: 0.0430s/iter; left time: 1046.0478s
	iters: 1200, epoch: 5 | loss: 0.0006974
	speed: 0.0429s/iter; left time: 1041.3533s
Epoch: 5 cost time: 52.845017194747925
vali>>>>>>>>>>>>>>>>>>>>>>>>>>>>>>>>>>>>>>>>>>>>>>>>>>>>>>>>>>>>>>>>>>
Epoch: 5, Steps: 1212 | Train Loss: 0.0006243 Test Loss: 0.0137161
EarlyStopping counter: 4 out of 5
Updating learning rate to 6.25e-06
	iters: 100, epoch: 6 | loss: 0.0004241
	speed: 0.1374s/iter; left time: 3315.8897s
	iters: 200, epoch: 6 | loss: 0.0005300
	speed: 0.0434s/iter; left time: 1042.5689s
	iters: 300, epoch: 6 | loss: 0.0008920
	speed: 0.0430s/iter; left time: 1030.2918s
	iters: 400, epoch: 6 | loss: 0.0009555
	speed: 0.0429s/iter; left time: 1023.1173s
	iters: 500, epoch: 6 | loss: 0.0006101
	speed: 0.0429s/iter; left time: 1018.0095s
	iters: 600, epoch: 6 | loss: 0.0007081
	speed: 0.0429s/iter; left time: 1014.0839s
	iters: 700, epoch: 6 | loss: 0.0009802
	speed: 0.0429s/iter; left time: 1009.9707s
	iters: 800, epoch: 6 | loss: 0.0003300
	speed: 0.0429s/iter; left time: 1005.6882s
	iters: 900, epoch: 6 | loss: 0.0004051
	speed: 0.0429s/iter; left time: 1001.8084s
	iters: 1000, epoch: 6 | loss: 0.0004278
	speed: 0.0429s/iter; left time: 997.1506s
	iters: 1100, epoch: 6 | loss: 0.0008104
	speed: 0.0429s/iter; left time: 993.2742s
	iters: 1200, epoch: 6 | loss: 0.0003612
	speed: 0.0429s/iter; left time: 989.1681s
Epoch: 6 cost time: 52.82435154914856
vali>>>>>>>>>>>>>>>>>>>>>>>>>>>>>>>>>>>>>>>>>>>>>>>>>>>>>>>>>>>>>>>>>>
Epoch: 6, Steps: 1212 | Train Loss: 0.0006162 Test Loss: 0.0137502
EarlyStopping counter: 5 out of 5
Early stopping
6
[0.0013490471483777638, 0.0009964000135297094, 0.0007286042928532006, 0.0006533382650322232, 0.0006243125400954524, 0.0006161929743371946]
>>>>>>>testing : exchange_96__My_Attention_ETTm1_ftM_sl100_ll25_pl30_dm512_nh8_el2_dl1_df2048_fc1_ebtimeF_dtTrue_Exp_0<<<<<<<<<<<<<<<<<<<<<<<<<<<<<<<<<
==========  mse:1709.3035392473384, mae:19.000660632483356
==========  mse:2970.2538276064033, mae:34.7031510990972
==========  mse:3651.92426351173, mae:34.46036442520112
==========  mse:216.93535457650705, mae:9.091221570267818
==========  mse:2847.585854401687, mae:24.10975075268555
==========  mse:4120.34020928889, mae:39.10772756782794
==========  mse:244.76141929502018, mae:8.938257937679946
==========  mse:2615.564462487256, mae:28.27104762841274
==========  mse:4414.869351472859, mae:39.64679913040795
